.next/dev/types/validator.ts(42,39): error TS2307: Cannot find module '../../../src/app/customers/page.js' or its corresponding type declarations.
.next/dev/types/validator.ts(60,39): error TS2307: Cannot find module '../../../src/app/inventory/page.js' or its corresponding type declarations.
.next/dev/types/validator.ts(87,39): error TS2307: Cannot find module '../../../src/app/orders/page.js' or its corresponding type declarations.
.next/dev/types/validator.ts(105,39): error TS2307: Cannot find module '../../../src/app/products/page.js' or its corresponding type declarations.
.next/dev/types/validator.ts(132,39): error TS2307: Cannot find module '../../../src/app/stores/page.js' or its corresponding type declarations.
.next/dev/types/validator.ts(147,39): error TS2307: Cannot find module '../../../src/app/customers/layout.js' or its corresponding type declarations.
.next/dev/types/validator.ts(165,39): error TS2307: Cannot find module '../../../src/app/inventory/layout.js' or its corresponding type declarations.
.next/dev/types/validator.ts(183,39): error TS2307: Cannot find module '../../../src/app/orders/layout.js' or its corresponding type declarations.
.next/dev/types/validator.ts(192,39): error TS2307: Cannot find module '../../../src/app/products/layout.js' or its corresponding type declarations.
.next/dev/types/validator.ts(210,39): error TS2307: Cannot find module '../../../src/app/stores/layout.js' or its corresponding type declarations.
.next/types/validator.ts(53,39): error TS2307: Cannot find module '../../src/app/customers/page.js' or its corresponding type declarations.
.next/types/validator.ts(116,39): error TS2307: Cannot find module '../../src/app/inventory/page.js' or its corresponding type declarations.
.next/types/validator.ts(152,39): error TS2307: Cannot find module '../../src/app/orders/page.js' or its corresponding type declarations.
.next/types/validator.ts(170,39): error TS2307: Cannot find module '../../src/app/products/page.js' or its corresponding type declarations.
.next/types/validator.ts(197,39): error TS2307: Cannot find module '../../src/app/stores/page.js' or its corresponding type declarations.
.next/types/validator.ts(264,39): error TS2307: Cannot find module '../../src/app/customers/layout.js' or its corresponding type declarations.
.next/types/validator.ts(327,39): error TS2307: Cannot find module '../../src/app/inventory/layout.js' or its corresponding type declarations.
.next/types/validator.ts(345,39): error TS2307: Cannot find module '../../src/app/orders/layout.js' or its corresponding type declarations.
.next/types/validator.ts(354,39): error TS2307: Cannot find module '../../src/app/products/layout.js' or its corresponding type declarations.
.next/types/validator.ts(372,39): error TS2307: Cannot find module '../../src/app/stores/layout.js' or its corresponding type declarations.
